---
source: tests/world_generation.rs
expression: map.to_ascii()
---
############################################################
############################################################
#####.......#########################..........#############
#####.......#########################..........#############
#####...............................+................#######
#####.......###........#.........####..........#####.#######
########+######........#..................@......#.....#####
####........###........#.........####..........#.#.....#####
####........###........##############..........#.#.....#####
####........###........##############..........#.#.....#####
####.........+........##########################.#.....#####
####........#######.#.###########........#######.#.....#####
####........#######.#+###########........#######.#.....#####
########.#.########.#.###########........#######.#.....#####
####.......########..........+...........#######.###.#######
####.......######........########........#######.###.#######
####...>........+....................................#######
####.......######........########........##..........#######
#######..#.######........############................#######
#######..#.##################........######..........#######
######.........#######......#........######..........#######
######...............................#######################
######.........#######......#........#######################
######.........#######......#........#######################
######################......################################
############################################################
############################################################
############################################################
