---
source: src/ui.rs
expression: "rendered_game(DisplayProfile::default(), RunStatus::Active)"
---
┌ The Ossuary ───────────────────────────────────────┐┌ Status ────────────────┐
│                                                    ││GRAVE KNIGHT            │
│                                ▓▓▓▓▓               ││HP      32/32           │
│                             ··········             ││Armor   2               │
│                            ▓··········▓            ││1 Cleave  Ready         │
│                            ╬···········            ││2-0      Empty          │
│                            ▓··········▓            ││                        │
│                          ········@······▓          ││Turn    0               │
│                            ▓··········▓            ││Seed    54347           │
│                            ▓··········▓            ││Gen     v1              │
│                            ▓··········             ││Enemies 9               │
│                                ▓▓▓▓▓               ││Threat  None            │
│                                                    ││                        │
│                                                    ││                        │
│                                                    ││                        │
│                                                    ││                        │
│                                                    ││                        │
│                                                    ││                        │
└────────────────────────────────────────────────────┘└────────────────────────┘
┌ Events ──────────────────────────────────────────────────────────────────────┐
│The crypt waits in silence.                                                   │
│You descend into the ossuary.                                                 │
└──────────────────────────────────────────────────────────────────────────────┘
Move qwe/asd/zxc + arrows | Skills 1:Cleave 2-0:Empty | ?:Help r:Restart Q:Quit
